// Jest Snapshot v1, https://goo.gl/fbAQLP

exports[`matches snapshot matches snapshot 1`] = `
<div>
  <div
    class="App container-fluid"
  >
    <h1
      class="p-5 text-center text-secondary"
    >
      Footy Stats
    </h1>
    <div
      class="match-buttons  min-vh-50 p-5 container-fluid"
    >
      <label
        class="w-100 d-flex flex-column justify-content-center mx-auto m-5 text-center form-label"
      >
        Select Team:
        <select
          class="w-25 mx-auto form-select"
        >
          <option
            value="all"
          >
            All
          </option>
          <option
            value="Crystal Palace"
          >
            Crystal Palace
          </option>
          <option
            value="Wolves"
          >
            Wolves
          </option>
        </select>
      </label>
      <div
        class="w-75 mx-auto d-flex flex-wrap justify-content-center hstack gap-2"
      >
        <a
          href="/matches/1485449"
        >
          <button
            class="border-2 btn btn-outline-primary"
            type="button"
          >
            Wolves
             
            1 : 1
             
            Tottenham
          </button>
        </a>
        <a
          href="/matches/1485340"
        >
          <button
            class="border-2 btn btn-outline-primary"
            type="button"
          >
            Crystal Palace
             
            0 : 0
             
            Fulham
          </button>
        </a>
      </div>
    </div>
  </div>
</div>
`;
